[    1165ms] [INFO] %cDownload the React DevTools for a better development experience: https://react.dev/link/react-devtools font-weight:bold @ https://piko.dnalevity.com/preview/relax-and-roam-travel/_next/static/chunks/node_modules_next_dist_115brz8._.js:2431
[    2202ms] [ERROR] WebSocket connection to 'wss://piko.dnalevity.com/preview/relax-and-roam-travel/_next/webpack-hmr?id=atIYZKTsMwxp0lNEVmp9x' failed: Error during WebSocket handshake: Invalid status line @ https://piko.dnalevity.com/preview/relax-and-roam-travel/_next/static/chunks/node_modules_next_dist_client_0fhqo1d._.js:13299
[    2364ms] [ERROR] Failed to load resource: the server responded with a status of 400 () @ https://piko.dnalevity.com/preview/relax-and-roam-travel/_next/image?url=%2Fbrand%2Felement-compass-rose-v2_transparent.png&w=828&q=75:0
[    2365ms] [ERROR] Failed to load resource: the server responded with a status of 400 () @ https://piko.dnalevity.com/preview/relax-and-roam-travel/_next/image?url=%2Fimages%2Fabout%2Fsandra-desert-hike.jpeg&w=256&q=75:0
[    2365ms] [ERROR] Failed to load resource: the server responded with a status of 400 () @ https://piko.dnalevity.com/preview/relax-and-roam-travel/_next/image?url=%2Fimages%2Fabout%2Fsandra-wings-mural.jpeg&w=256&q=75:0
[    2365ms] [ERROR] Failed to load resource: the server responded with a status of 400 () @ https://piko.dnalevity.com/preview/relax-and-roam-travel/_next/image?url=%2Fimages%2Fabout%2Fsandra-skiing.jpeg&w=256&q=75:0
[    2365ms] [ERROR] Failed to load resource: the server responded with a status of 400 () @ https://piko.dnalevity.com/preview/relax-and-roam-travel/_next/image?url=%2Fimages%2Fabout%2Fsandra-paris.jpeg&w=256&q=75:0
[    2365ms] [ERROR] Failed to load resource: the server responded with a status of 400 () @ https://piko.dnalevity.com/preview/relax-and-roam-travel/_next/image?url=%2Fimages%2Fabout%2Fsandra-shoreline.jpeg&w=256&q=75:0
[    2365ms] [ERROR] Failed to load resource: the server responded with a status of 400 () @ https://piko.dnalevity.com/preview/relax-and-roam-travel/_next/image?url=%2Fimages%2Fabout%2Fsandra-stone-wall.jpeg&w=256&q=75:0
[    2365ms] [ERROR] Failed to load resource: the server responded with a status of 400 () @ https://piko.dnalevity.com/preview/relax-and-roam-travel/_next/image?url=%2Fimages%2Fabout%2Fsandra-lavender-bike.jpeg&w=256&q=75:0
[    2365ms] [ERROR] Failed to load resource: the server responded with a status of 400 () @ https://piko.dnalevity.com/preview/relax-and-roam-travel/_next/image?url=%2Fimages%2Fabout%2Fsandra-garden-hat.jpeg&w=256&q=75:0
[    2365ms] [ERROR] Failed to load resource: the server responded with a status of 400 () @ https://piko.dnalevity.com/preview/relax-and-roam-travel/_next/image?url=%2Fimages%2Ftestimonial-europe-editorial.webp&w=640&q=75:0
[    2365ms] [ERROR] Failed to load resource: the server responded with a status of 400 () @ https://piko.dnalevity.com/preview/relax-and-roam-travel/_next/image?url=%2Fimages%2Fblog%2Fkenya-guide.jpg&w=640&q=75:0
[    2365ms] [ERROR] Failed to load resource: the server responded with a status of 400 () @ https://piko.dnalevity.com/preview/relax-and-roam-travel/_next/image?url=%2Fimages%2Fjourney-greece.png&w=640&q=75:0
[    2365ms] [ERROR] Failed to load resource: the server responded with a status of 400 () @ https://piko.dnalevity.com/preview/relax-and-roam-travel/_next/image?url=%2Fimages%2Fabout%2Fsandra-desert-camel.jpeg&w=256&q=75:0
[    2365ms] [ERROR] Failed to load resource: the server responded with a status of 400 () @ https://piko.dnalevity.com/preview/relax-and-roam-travel/_next/image?url=%2Fbrand%2Frelax-roam-logo-client-current.png&w=1080&q=75:0
[    2367ms] [ERROR] Failed to load resource: the server responded with a status of 400 () @ https://piko.dnalevity.com/preview/relax-and-roam-travel/_next/image?url=%2Fimages%2Fhero-editorial-travel-v3.png&w=1920&q=75:0
[    3234ms] [ERROR] WebSocket connection to 'wss://piko.dnalevity.com/preview/relax-and-roam-travel/_next/webpack-hmr?id=atIYZKTsMwxp0lNEVmp9x' failed: Error during WebSocket handshake: Invalid status line @ https://piko.dnalevity.com/preview/relax-and-roam-travel/_next/static/chunks/node_modules_next_dist_client_0fhqo1d._.js:13299
[    4270ms] [ERROR] WebSocket connection to 'wss://piko.dnalevity.com/preview/relax-and-roam-travel/_next/webpack-hmr?id=atIYZKTsMwxp0lNEVmp9x' failed: Error during WebSocket handshake: Invalid status line @ https://piko.dnalevity.com/preview/relax-and-roam-travel/_next/static/chunks/node_modules_next_dist_client_0fhqo1d._.js:13299
[    5397ms] [ERROR] WebSocket connection to 'wss://piko.dnalevity.com/preview/relax-and-roam-travel/_next/webpack-hmr?id=atIYZKTsMwxp0lNEVmp9x' failed: Error during WebSocket handshake: Invalid status line @ https://piko.dnalevity.com/preview/relax-and-roam-travel/_next/static/chunks/node_modules_next_dist_client_0fhqo1d._.js:13299
[    6557ms] [ERROR] WebSocket connection to 'wss://piko.dnalevity.com/preview/relax-and-roam-travel/_next/webpack-hmr?id=atIYZKTsMwxp0lNEVmp9x' failed: Error during WebSocket handshake: Invalid status line @ https://piko.dnalevity.com/preview/relax-and-roam-travel/_next/static/chunks/node_modules_next_dist_client_0fhqo1d._.js:13299
[    7629ms] [ERROR] WebSocket connection to 'wss://piko.dnalevity.com/preview/relax-and-roam-travel/_next/webpack-hmr?id=atIYZKTsMwxp0lNEVmp9x' failed: Error during WebSocket handshake: Invalid status line @ https://piko.dnalevity.com/preview/relax-and-roam-travel/_next/static/chunks/node_modules_next_dist_client_0fhqo1d._.js:13299
[   12666ms] [ERROR] WebSocket connection to 'wss://piko.dnalevity.com/preview/relax-and-roam-travel/_next/webpack-hmr?id=atIYZKTsMwxp0lNEVmp9x' failed: Error during WebSocket handshake: Invalid status line @ https://piko.dnalevity.com/preview/relax-and-roam-travel/_next/static/chunks/node_modules_next_dist_client_0fhqo1d._.js:13299
[   17708ms] [ERROR] WebSocket connection to 'wss://piko.dnalevity.com/preview/relax-and-roam-travel/_next/webpack-hmr?id=atIYZKTsMwxp0lNEVmp9x' failed: Error during WebSocket handshake: Invalid status line @ https://piko.dnalevity.com/preview/relax-and-roam-travel/_next/static/chunks/node_modules_next_dist_client_0fhqo1d._.js:13299
[   22762ms] [ERROR] WebSocket connection to 'wss://piko.dnalevity.com/preview/relax-and-roam-travel/_next/webpack-hmr?id=atIYZKTsMwxp0lNEVmp9x' failed: Error during WebSocket handshake: Invalid status line @ https://piko.dnalevity.com/preview/relax-and-roam-travel/_next/static/chunks/node_modules_next_dist_client_0fhqo1d._.js:13299
[   27835ms] [ERROR] WebSocket connection to 'wss://piko.dnalevity.com/preview/relax-and-roam-travel/_next/webpack-hmr?id=atIYZKTsMwxp0lNEVmp9x' failed: Error during WebSocket handshake: Invalid status line @ https://piko.dnalevity.com/preview/relax-and-roam-travel/_next/static/chunks/node_modules_next_dist_client_0fhqo1d._.js:13299
[   32961ms] [ERROR] WebSocket connection to 'wss://piko.dnalevity.com/preview/relax-and-roam-travel/_next/webpack-hmr?id=atIYZKTsMwxp0lNEVmp9x' failed: Error during WebSocket handshake: Invalid status line @ https://piko.dnalevity.com/preview/relax-and-roam-travel/_next/static/chunks/node_modules_next_dist_client_0fhqo1d._.js:13299
[   38198ms] [ERROR] WebSocket connection to 'wss://piko.dnalevity.com/preview/relax-and-roam-travel/_next/webpack-hmr?id=atIYZKTsMwxp0lNEVmp9x' failed: Error during WebSocket handshake: Invalid status line @ https://piko.dnalevity.com/preview/relax-and-roam-travel/_next/static/chunks/node_modules_next_dist_client_0fhqo1d._.js:13299
[   43593ms] [ERROR] WebSocket connection to 'wss://piko.dnalevity.com/preview/relax-and-roam-travel/_next/webpack-hmr?id=atIYZKTsMwxp0lNEVmp9x' failed: Error during WebSocket handshake: Invalid status line @ https://piko.dnalevity.com/preview/relax-and-roam-travel/_next/static/chunks/node_modules_next_dist_client_0fhqo1d._.js:13299
[   44308ms] [ERROR] Failed to load resource: the server responded with a status of 400 () @ https://piko.dnalevity.com/preview/relax-and-roam-travel/_next/image?url=%2Fimages%2Fhero-editorial-travel-v3.png&w=1920&q=75:0
[   44308ms] [ERROR] Failed to load resource: the server responded with a status of 400 () @ https://piko.dnalevity.com/preview/relax-and-roam-travel/_next/image?url=%2Fbrand%2Frelax-roam-logo-client-current.png&w=1080&q=75:0
[   44369ms] [ERROR] Failed to load resource: the server responded with a status of 400 () @ https://piko.dnalevity.com/preview/relax-and-roam-travel/_next/image?url=%2Fimages%2Fabout%2Fsandra-desert-camel.jpeg&w=256&q=75:0
[   44438ms] [ERROR] Failed to load resource: the server responded with a status of 502 () @ https://piko.dnalevity.com/preview/relax-and-roam-travel/_next/static/chunks/_0rqeker._.js:0
[   44438ms] [ERROR] Failed to load resource: the server responded with a status of 502 () @ https://piko.dnalevity.com/preview/relax-and-roam-travel/_next/static/chunks/node_modules_%40swc_helpers_cjs_0-4ujiy._.js:0
[   44438ms] [ERROR] Failed to load resource: the server responded with a status of 502 () @ https://piko.dnalevity.com/preview/relax-and-roam-travel/_next/static/chunks/node_modules_next_dist_115brz8._.js:0
[   44438ms] [ERROR] Failed to load resource: the server responded with a status of 502 () @ https://piko.dnalevity.com/preview/relax-and-roam-travel/_next/static/chunks/node_modules_next_dist_compiled_0rpq4pf._.js:0
[   44438ms] [ERROR] Failed to load resource: the server responded with a status of 502 () @ https://piko.dnalevity.com/preview/relax-and-roam-travel/_next/static/chunks/node_modules_next_dist_compiled_react-server-dom-turbopack_0p3wegg._.js:0
[   44438ms] [ERROR] Failed to load resource: the server responded with a status of 502 () @ https://piko.dnalevity.com/preview/relax-and-roam-travel/_next/image?url=%2Fimages%2Ftestimonial-europe-editorial.webp&w=640&q=75:0
[   44439ms] [ERROR] Failed to load resource: the server responded with a status of 502 () @ https://piko.dnalevity.com/preview/relax-and-roam-travel/_next/image?url=%2Fimages%2Fblog%2Fkenya-guide.jpg&w=640&q=75:0
[   44439ms] [ERROR] Failed to load resource: the server responded with a status of 502 () @ https://piko.dnalevity.com/preview/relax-and-roam-travel/_next/image?url=%2Fimages%2Fjourney-greece.png&w=640&q=75:0
[   44439ms] [ERROR] Failed to load resource: the server responded with a status of 502 () @ https://piko.dnalevity.com/preview/relax-and-roam-travel/_next/static/chunks/node_modules_next_dist_client_0fhqo1d._.js:0
[   44439ms] [ERROR] Failed to load resource: the server responded with a status of 502 () @ https://piko.dnalevity.com/preview/relax-and-roam-travel/_next/static/chunks/turbopack-_01xln~x._.js:0
[   44451ms] [ERROR] Failed to load resource: the server responded with a status of 502 () @ https://piko.dnalevity.com/preview/relax-and-roam-travel/_next/static/chunks/node_modules_next_dist_0tt2wve._.js:0
[   44451ms] [ERROR] Failed to load resource: the server responded with a status of 502 () @ https://piko.dnalevity.com/preview/relax-and-roam-travel/_next/static/chunks/app_layout_tsx_004glpo._.js:0
[   44451ms] [ERROR] Failed to load resource: the server responded with a status of 502 () @ https://piko.dnalevity.com/preview/relax-and-roam-travel/_next/static/chunks/node_modules_next_dist_client_components_builtin_global-error_11h~26b.js:0
[   44451ms] [ERROR] Failed to load resource: the server responded with a status of 502 () @ https://piko.dnalevity.com/preview/relax-and-roam-travel/_next/static/chunks/node_modules_next_0wn8v3j._.js:0
[   44452ms] [ERROR] Failed to load resource: the server responded with a status of 502 () @ https://piko.dnalevity.com/preview/relax-and-roam-travel/_next/static/chunks/components_13dc3p.._.js:0
[   44452ms] [ERROR] Failed to load resource: the server responded with a status of 502 () @ https://piko.dnalevity.com/preview/relax-and-roam-travel/_next/image?url=%2Fimages%2Fabout%2Fsandra-garden-hat.jpeg&w=256&q=75:0
[   44452ms] [ERROR] Failed to load resource: the server responded with a status of 502 () @ https://piko.dnalevity.com/preview/relax-and-roam-travel/_next/image?url=%2Fimages%2Fabout%2Fsandra-lavender-bike.jpeg&w=256&q=75:0
[   44452ms] [ERROR] Failed to load resource: the server responded with a status of 502 () @ https://piko.dnalevity.com/preview/relax-and-roam-travel/_next/image?url=%2Fimages%2Fabout%2Fsandra-stone-wall.jpeg&w=256&q=75:0
[   44452ms] [ERROR] Failed to load resource: the server responded with a status of 502 () @ https://piko.dnalevity.com/preview/relax-and-roam-travel/_next/static/chunks/app_page_tsx_11h~26b._.js:0
[   44452ms] [ERROR] Failed to load resource: the server responded with a status of 502 () @ https://piko.dnalevity.com/preview/relax-and-roam-travel/_next/image?url=%2Fimages%2Fabout%2Fsandra-paris.jpeg&w=256&q=75:0
[   44452ms] [ERROR] Failed to load resource: the server responded with a status of 502 () @ https://piko.dnalevity.com/preview/relax-and-roam-travel/_next/image?url=%2Fimages%2Fabout%2Fsandra-shoreline.jpeg&w=256&q=75:0
[   44452ms] [ERROR] Failed to load resource: the server responded with a status of 502 () @ https://piko.dnalevity.com/preview/relax-and-roam-travel/_next/image?url=%2Fimages%2Fabout%2Fsandra-skiing.jpeg&w=256&q=75:0
[   44452ms] [ERROR] Failed to load resource: the server responded with a status of 502 () @ https://piko.dnalevity.com/preview/relax-and-roam-travel/_next/image?url=%2Fimages%2Fabout%2Fsandra-wings-mural.jpeg&w=256&q=75:0
[   44452ms] [ERROR] Failed to load resource: the server responded with a status of 502 () @ https://piko.dnalevity.com/preview/relax-and-roam-travel/_next/image?url=%2Fimages%2Fabout%2Fsandra-desert-hike.jpeg&w=256&q=75:0
[   44452ms] [ERROR] Failed to load resource: the server responded with a status of 502 () @ https://piko.dnalevity.com/preview/relax-and-roam-travel/_next/image?url=%2Fbrand%2Felement-compass-rose-v2_transparent.png&w=828&q=75:0
[   44485ms] [ERROR] Failed to load resource: the server responded with a status of 502 () @ https://piko.dnalevity.com/preview/relax-and-roam-travel/icon.png?icon.0eoyvz.ezfisw.png:0
[   67017ms] [ERROR] Failed to load resource: the server responded with a status of 404 () @ https://piko.dnalevity.com/brand/relax-roam-logo-client-current.png:0
[   67017ms] [ERROR] Failed to load resource: the server responded with a status of 502 () @ https://piko.dnalevity.com/images/hero-editorial-travel-v3.png:0
[   67027ms] [ERROR] Failed to load resource: the server responded with a status of 502 () @ https://piko.dnalevity.com/images/about/sandra-desert-camel.jpeg:0
[   67027ms] [ERROR] Failed to load resource: the server responded with a status of 502 () @ https://piko.dnalevity.com/images/journey-greece.png:0
[   67028ms] [ERROR] Failed to load resource: the server responded with a status of 502 () @ https://piko.dnalevity.com/images/blog/kenya-guide.jpg:0
[   67028ms] [ERROR] Failed to load resource: the server responded with a status of 502 () @ https://piko.dnalevity.com/images/testimonial-europe-editorial.webp:0
[   67181ms] [ERROR] Failed to load resource: the server responded with a status of 502 () @ https://piko.dnalevity.com/images/about/sandra-garden-hat.jpeg:0
[   67181ms] [ERROR] Failed to load resource: the server responded with a status of 502 () @ https://piko.dnalevity.com/images/about/sandra-lavender-bike.jpeg:0
[   67183ms] [ERROR] Failed to load resource: the server responded with a status of 502 () @ https://piko.dnalevity.com/images/about/sandra-stone-wall.jpeg:0
[   67183ms] [ERROR] Failed to load resource: the server responded with a status of 404 () @ https://piko.dnalevity.com/brand/element-compass-rose-v2_transparent.png:0
[   67183ms] [ERROR] Failed to load resource: the server responded with a status of 502 () @ https://piko.dnalevity.com/images/about/sandra-paris.jpeg:0
[   67183ms] [ERROR] Failed to load resource: the server responded with a status of 502 () @ https://piko.dnalevity.com/images/about/sandra-shoreline.jpeg:0
[   67183ms] [ERROR] Failed to load resource: the server responded with a status of 502 () @ https://piko.dnalevity.com/images/about/sandra-skiing.jpeg:0
[   67183ms] [ERROR] Failed to load resource: the server responded with a status of 502 () @ https://piko.dnalevity.com/images/about/sandra-wings-mural.jpeg:0
[   67183ms] [ERROR] Failed to load resource: the server responded with a status of 502 () @ https://piko.dnalevity.com/images/about/sandra-desert-hike.jpeg:0
[   67402ms] [INFO] %cDownload the React DevTools for a better development experience: https://react.dev/link/react-devtools font-weight:bold @ https://piko.dnalevity.com/preview/relax-and-roam-travel/_next/static/chunks/node_modules_next_dist_115brz8._.js:2431
[   68304ms] [ERROR] WebSocket connection to 'wss://piko.dnalevity.com/preview/relax-and-roam-travel/_next/webpack-hmr?id=FAKc1Xv6TRluLNK4I-gSW' failed: Error during WebSocket handshake: Invalid status line @ https://piko.dnalevity.com/preview/relax-and-roam-travel/_next/static/chunks/node_modules_next_dist_client_0fhqo1d._.js:13299
[   71350ms] [ERROR] WebSocket connection to 'wss://piko.dnalevity.com/preview/relax-and-roam-travel/_next/webpack-hmr?id=FAKc1Xv6TRluLNK4I-gSW' failed: Error during WebSocket handshake: Invalid status line @ https://piko.dnalevity.com/preview/relax-and-roam-travel/_next/static/chunks/node_modules_next_dist_client_0fhqo1d._.js:13299
[   76835ms] [ERROR] WebSocket connection to 'wss://piko.dnalevity.com/preview/relax-and-roam-travel/_next/webpack-hmr?id=FAKc1Xv6TRluLNK4I-gSW' failed: Error during WebSocket handshake: Invalid status line @ https://piko.dnalevity.com/preview/relax-and-roam-travel/_next/static/chunks/node_modules_next_dist_client_0fhqo1d._.js:13299
[   80587ms] [ERROR] WebSocket connection to 'wss://piko.dnalevity.com/preview/relax-and-roam-travel/_next/webpack-hmr?id=FAKc1Xv6TRluLNK4I-gSW' failed: Error during WebSocket handshake: Invalid status line @ https://piko.dnalevity.com/preview/relax-and-roam-travel/_next/static/chunks/node_modules_next_dist_client_0fhqo1d._.js:13299
[   85229ms] [ERROR] WebSocket connection to 'wss://piko.dnalevity.com/preview/relax-and-roam-travel/_next/webpack-hmr?id=FAKc1Xv6TRluLNK4I-gSW' failed: Error during WebSocket handshake: Invalid status line @ https://piko.dnalevity.com/preview/relax-and-roam-travel/_next/static/chunks/node_modules_next_dist_client_0fhqo1d._.js:13299
[   87769ms] [ERROR] WebSocket connection to 'wss://piko.dnalevity.com/preview/relax-and-roam-travel/_next/webpack-hmr?id=FAKc1Xv6TRluLNK4I-gSW' failed: Error during WebSocket handshake: Invalid status line @ https://piko.dnalevity.com/preview/relax-and-roam-travel/_next/static/chunks/node_modules_next_dist_client_0fhqo1d._.js:13299
[   97551ms] [ERROR] WebSocket connection to 'wss://piko.dnalevity.com/preview/relax-and-roam-travel/_next/webpack-hmr?id=FAKc1Xv6TRluLNK4I-gSW' failed: Error during WebSocket handshake: Invalid status line @ https://piko.dnalevity.com/preview/relax-and-roam-travel/_next/static/chunks/node_modules_next_dist_client_0fhqo1d._.js:13299
[  105146ms] [ERROR] WebSocket connection to 'wss://piko.dnalevity.com/preview/relax-and-roam-travel/_next/webpack-hmr?id=FAKc1Xv6TRluLNK4I-gSW' failed: Error during WebSocket handshake: Invalid status line @ https://piko.dnalevity.com/preview/relax-and-roam-travel/_next/static/chunks/node_modules_next_dist_client_0fhqo1d._.js:13299
[  112487ms] [ERROR] WebSocket connection to 'wss://piko.dnalevity.com/preview/relax-and-roam-travel/_next/webpack-hmr?id=FAKc1Xv6TRluLNK4I-gSW' failed: Error during WebSocket handshake: Invalid status line @ https://piko.dnalevity.com/preview/relax-and-roam-travel/_next/static/chunks/node_modules_next_dist_client_0fhqo1d._.js:13299
[  121174ms] [ERROR] WebSocket connection to 'wss://piko.dnalevity.com/preview/relax-and-roam-travel/_next/webpack-hmr?id=FAKc1Xv6TRluLNK4I-gSW' failed: Error during WebSocket handshake: Invalid status line @ https://piko.dnalevity.com/preview/relax-and-roam-travel/_next/static/chunks/node_modules_next_dist_client_0fhqo1d._.js:13299
[  126207ms] [ERROR] WebSocket connection to 'wss://piko.dnalevity.com/preview/relax-and-roam-travel/_next/webpack-hmr?id=FAKc1Xv6TRluLNK4I-gSW' failed: Error during WebSocket handshake: Invalid status line @ https://piko.dnalevity.com/preview/relax-and-roam-travel/_next/static/chunks/node_modules_next_dist_client_0fhqo1d._.js:13299
[  131366ms] [ERROR] WebSocket connection to 'wss://piko.dnalevity.com/preview/relax-and-roam-travel/_next/webpack-hmr?id=FAKc1Xv6TRluLNK4I-gSW' failed: Error during WebSocket handshake: Invalid status line @ https://piko.dnalevity.com/preview/relax-and-roam-travel/_next/static/chunks/node_modules_next_dist_client_0fhqo1d._.js:13299
[  136468ms] [ERROR] WebSocket connection to 'wss://piko.dnalevity.com/preview/relax-and-roam-travel/_next/webpack-hmr?id=FAKc1Xv6TRluLNK4I-gSW' failed: Error during WebSocket handshake: Invalid status line @ https://piko.dnalevity.com/preview/relax-and-roam-travel/_next/static/chunks/node_modules_next_dist_client_0fhqo1d._.js:13299
[  136664ms] [ERROR] Failed to load resource: the server responded with a status of 404 () @ https://piko.dnalevity.com/brand/relax-roam-logo-client-current.png:0
[  136664ms] [ERROR] Failed to load resource: the server responded with a status of 502 () @ https://piko.dnalevity.com/images/hero-editorial-travel-v3.png:0
[  136668ms] [ERROR] Failed to load resource: the server responded with a status of 502 () @ https://piko.dnalevity.com/images/about/sandra-desert-camel.jpeg:0
[  136668ms] [ERROR] Failed to load resource: the server responded with a status of 502 () @ https://piko.dnalevity.com/images/journey-greece.png:0
[  136668ms] [ERROR] Failed to load resource: the server responded with a status of 502 () @ https://piko.dnalevity.com/images/blog/kenya-guide.jpg:0
[  136668ms] [ERROR] Failed to load resource: the server responded with a status of 502 () @ https://piko.dnalevity.com/images/testimonial-europe-editorial.webp:0
[  136718ms] [ERROR] Failed to load resource: the server responded with a status of 502 () @ https://piko.dnalevity.com/images/about/sandra-garden-hat.jpeg:0
[  136718ms] [ERROR] Failed to load resource: the server responded with a status of 502 () @ https://piko.dnalevity.com/images/about/sandra-lavender-bike.jpeg:0
[  136719ms] [ERROR] Failed to load resource: the server responded with a status of 404 () @ https://piko.dnalevity.com/brand/element-compass-rose-v2_transparent.png:0
[  136719ms] [ERROR] Failed to load resource: the server responded with a status of 502 () @ https://piko.dnalevity.com/images/about/sandra-stone-wall.jpeg:0
[  136719ms] [ERROR] Failed to load resource: the server responded with a status of 502 () @ https://piko.dnalevity.com/images/about/sandra-paris.jpeg:0
[  136719ms] [ERROR] Failed to load resource: the server responded with a status of 502 () @ https://piko.dnalevity.com/images/about/sandra-shoreline.jpeg:0
[  136719ms] [ERROR] Failed to load resource: the server responded with a status of 502 () @ https://piko.dnalevity.com/images/about/sandra-skiing.jpeg:0
[  136719ms] [ERROR] Failed to load resource: the server responded with a status of 502 () @ https://piko.dnalevity.com/images/about/sandra-wings-mural.jpeg:0
[  136719ms] [ERROR] Failed to load resource: the server responded with a status of 502 () @ https://piko.dnalevity.com/images/about/sandra-desert-hike.jpeg:0
[  136792ms] [INFO] %cDownload the React DevTools for a better development experience: https://react.dev/link/react-devtools font-weight:bold @ https://piko.dnalevity.com/preview/relax-and-roam-travel/_next/static/chunks/node_modules_next_dist_115brz8._.js:2431
[  136882ms] [ERROR] WebSocket connection to 'wss://piko.dnalevity.com/preview/relax-and-roam-travel/_next/webpack-hmr?id=cxF0HrQWBXXRTijCSBVy1' failed: Error during WebSocket handshake: Invalid status line @ https://piko.dnalevity.com/preview/relax-and-roam-travel/_next/static/chunks/node_modules_next_dist_client_0fhqo1d._.js:13299
[  137916ms] [ERROR] WebSocket connection to 'wss://piko.dnalevity.com/preview/relax-and-roam-travel/_next/webpack-hmr?id=cxF0HrQWBXXRTijCSBVy1' failed: Error during WebSocket handshake: Invalid status line @ https://piko.dnalevity.com/preview/relax-and-roam-travel/_next/static/chunks/node_modules_next_dist_client_0fhqo1d._.js:13299
[  138952ms] [ERROR] WebSocket connection to 'wss://piko.dnalevity.com/preview/relax-and-roam-travel/_next/webpack-hmr?id=cxF0HrQWBXXRTijCSBVy1' failed: Error during WebSocket handshake: Invalid status line @ https://piko.dnalevity.com/preview/relax-and-roam-travel/_next/static/chunks/node_modules_next_dist_client_0fhqo1d._.js:13299
[  139983ms] [ERROR] WebSocket connection to 'wss://piko.dnalevity.com/preview/relax-and-roam-travel/_next/webpack-hmr?id=cxF0HrQWBXXRTijCSBVy1' failed: Error during WebSocket handshake: Invalid status line @ https://piko.dnalevity.com/preview/relax-and-roam-travel/_next/static/chunks/node_modules_next_dist_client_0fhqo1d._.js:13299
[  141034ms] [ERROR] WebSocket connection to 'wss://piko.dnalevity.com/preview/relax-and-roam-travel/_next/webpack-hmr?id=cxF0HrQWBXXRTijCSBVy1' failed: Error during WebSocket handshake: Invalid status line @ https://piko.dnalevity.com/preview/relax-and-roam-travel/_next/static/chunks/node_modules_next_dist_client_0fhqo1d._.js:13299
[  142097ms] [ERROR] WebSocket connection to 'wss://piko.dnalevity.com/preview/relax-and-roam-travel/_next/webpack-hmr?id=cxF0HrQWBXXRTijCSBVy1' failed: Error during WebSocket handshake: Invalid status line @ https://piko.dnalevity.com/preview/relax-and-roam-travel/_next/static/chunks/node_modules_next_dist_client_0fhqo1d._.js:13299
[  147180ms] [ERROR] WebSocket connection to 'wss://piko.dnalevity.com/preview/relax-and-roam-travel/_next/webpack-hmr?id=cxF0HrQWBXXRTijCSBVy1' failed: Error during WebSocket handshake: Invalid status line @ https://piko.dnalevity.com/preview/relax-and-roam-travel/_next/static/chunks/node_modules_next_dist_client_0fhqo1d._.js:13299
[  152334ms] [ERROR] WebSocket connection to 'wss://piko.dnalevity.com/preview/relax-and-roam-travel/_next/webpack-hmr?id=cxF0HrQWBXXRTijCSBVy1' failed: Error during WebSocket handshake: Invalid status line @ https://piko.dnalevity.com/preview/relax-and-roam-travel/_next/static/chunks/node_modules_next_dist_client_0fhqo1d._.js:13299
[  157590ms] [ERROR] WebSocket connection to 'wss://piko.dnalevity.com/preview/relax-and-roam-travel/_next/webpack-hmr?id=cxF0HrQWBXXRTijCSBVy1' failed: Error during WebSocket handshake: Invalid status line @ https://piko.dnalevity.com/preview/relax-and-roam-travel/_next/static/chunks/node_modules_next_dist_client_0fhqo1d._.js:13299
[  162977ms] [ERROR] WebSocket connection to 'wss://piko.dnalevity.com/preview/relax-and-roam-travel/_next/webpack-hmr?id=cxF0HrQWBXXRTijCSBVy1' failed: Error during WebSocket handshake: Invalid status line @ https://piko.dnalevity.com/preview/relax-and-roam-travel/_next/static/chunks/node_modules_next_dist_client_0fhqo1d._.js:13299
[  169229ms] [ERROR] WebSocket connection to 'wss://piko.dnalevity.com/preview/relax-and-roam-travel/_next/webpack-hmr?id=cxF0HrQWBXXRTijCSBVy1' failed: Error during WebSocket handshake: Invalid status line @ https://piko.dnalevity.com/preview/relax-and-roam-travel/_next/static/chunks/node_modules_next_dist_client_0fhqo1d._.js:13299
[  175695ms] [ERROR] WebSocket connection to 'wss://piko.dnalevity.com/preview/relax-and-roam-travel/_next/webpack-hmr?id=cxF0HrQWBXXRTijCSBVy1' failed: Error during WebSocket handshake: Invalid status line @ https://piko.dnalevity.com/preview/relax-and-roam-travel/_next/static/chunks/node_modules_next_dist_client_0fhqo1d._.js:13299
[  182773ms] [ERROR] WebSocket connection to 'wss://piko.dnalevity.com/preview/relax-and-roam-travel/_next/webpack-hmr?id=cxF0HrQWBXXRTijCSBVy1' failed: Error during WebSocket handshake: Unexpected response code: 502 @ https://piko.dnalevity.com/preview/relax-and-roam-travel/_next/static/chunks/node_modules_next_dist_client_0fhqo1d._.js:13299
[  182803ms] [ERROR] Failed to load resource: the server responded with a status of 502 () @ https://piko.dnalevity.com/preview/relax-and-roam-travel:0
[  182816ms] [ERROR] Failed to load resource: the server responded with a status of 404 () @ https://piko.dnalevity.com/favicon.ico:0
[  244187ms] [INFO] %cDownload the React DevTools for a better development experience: https://react.dev/link/react-devtools font-weight:bold @ https://piko.dnalevity.com/preview/relax-and-roam-travel/_next/static/chunks/node_modules_next_dist_115brz8._.js:2431
[  247782ms] [ERROR] WebSocket connection to 'wss://piko.dnalevity.com/preview/relax-and-roam-travel/_next/webpack-hmr?id=kN04GurNuBGqK_YLj15Yt' failed: Error during WebSocket handshake: Invalid status line @ https://piko.dnalevity.com/preview/relax-and-roam-travel/_next/static/chunks/node_modules_next_dist_client_0fhqo1d._.js:13299
[  251936ms] [ERROR] WebSocket connection to 'wss://piko.dnalevity.com/preview/relax-and-roam-travel/_next/webpack-hmr?id=kN04GurNuBGqK_YLj15Yt' failed: Error during WebSocket handshake: Invalid status line @ https://piko.dnalevity.com/preview/relax-and-roam-travel/_next/static/chunks/node_modules_next_dist_client_0fhqo1d._.js:13299
[  257162ms] [ERROR] WebSocket connection to 'wss://piko.dnalevity.com/preview/relax-and-roam-travel/_next/webpack-hmr?id=kN04GurNuBGqK_YLj15Yt' failed: Error during WebSocket handshake: Invalid status line @ https://piko.dnalevity.com/preview/relax-and-roam-travel/_next/static/chunks/node_modules_next_dist_client_0fhqo1d._.js:13299
[  263099ms] [ERROR] WebSocket connection to 'wss://piko.dnalevity.com/preview/relax-and-roam-travel/_next/webpack-hmr?id=kN04GurNuBGqK_YLj15Yt' failed: Error during WebSocket handshake: Invalid status line @ https://piko.dnalevity.com/preview/relax-and-roam-travel/_next/static/chunks/node_modules_next_dist_client_0fhqo1d._.js:13299
[  268712ms] [ERROR] WebSocket connection to 'wss://piko.dnalevity.com/preview/relax-and-roam-travel/_next/webpack-hmr?id=kN04GurNuBGqK_YLj15Yt' failed: Error during WebSocket handshake: Invalid status line @ https://piko.dnalevity.com/preview/relax-and-roam-travel/_next/static/chunks/node_modules_next_dist_client_0fhqo1d._.js:13299
[  272911ms] [ERROR] WebSocket connection to 'wss://piko.dnalevity.com/preview/relax-and-roam-travel/_next/webpack-hmr?id=kN04GurNuBGqK_YLj15Yt' failed: Error during WebSocket handshake: Invalid status line @ https://piko.dnalevity.com/preview/relax-and-roam-travel/_next/static/chunks/node_modules_next_dist_client_0fhqo1d._.js:13299
[  282671ms] [ERROR] WebSocket connection to 'wss://piko.dnalevity.com/preview/relax-and-roam-travel/_next/webpack-hmr?id=kN04GurNuBGqK_YLj15Yt' failed: Error during WebSocket handshake: Invalid status line @ https://piko.dnalevity.com/preview/relax-and-roam-travel/_next/static/chunks/node_modules_next_dist_client_0fhqo1d._.js:13299
