[    1731ms] [ERROR] Failed to load resource: the server responded with a status of 502 () @ https://piko.dnalevity.com/images/blog/kenya-guide.jpg:0
[    1733ms] [ERROR] Failed to load resource: the server responded with a status of 502 () @ https://piko.dnalevity.com/images/blog/foras-hot-list-2026-destinations-trends.jpg:0
[    1733ms] [ERROR] Failed to load resource: the server responded with a status of 502 () @ https://piko.dnalevity.com/images/blog/italys-wine-regions-guide.jpg:0
[    1733ms] [ERROR] Failed to load resource: the server responded with a status of 502 () @ https://piko.dnalevity.com/images/blog/cruise-travel-2026.jpg:0
[    1733ms] [ERROR] Failed to load resource: the server responded with a status of 502 () @ https://piko.dnalevity.com/images/blog/dude-ranches-guide.jpg:0
[    1733ms] [ERROR] Failed to load resource: the server responded with a status of 502 () @ https://piko.dnalevity.com/images/blog/st-barths-guide.jpg:0
[    1795ms] [INFO] %cDownload the React DevTools for a better development experience: https://react.dev/link/react-devtools font-weight:bold @ https://piko.dnalevity.com/preview/relax-and-roam-travel/_next/static/chunks/node_modules_next_dist_115brz8._.js:2431
[    1870ms] [ERROR] WebSocket connection to 'wss://piko.dnalevity.com/preview/relax-and-roam-travel/_next/webpack-hmr?id=6yzvJlhrtL6d1Xz8YQzLn' failed: Error during WebSocket handshake: Invalid status line @ https://piko.dnalevity.com/preview/relax-and-roam-travel/_next/static/chunks/node_modules_next_dist_client_0fhqo1d._.js:13299
[    2644ms] [ERROR] Failed to load resource: the server responded with a status of 502 () @ https://piko.dnalevity.com/images/blog/european-ski-destinations-guide.jpg:0
[    2644ms] [ERROR] Failed to load resource: the server responded with a status of 502 () @ https://piko.dnalevity.com/images/blog/bhutan-guide.jpg:0
[    2644ms] [ERROR] Failed to load resource: the server responded with a status of 502 () @ https://piko.dnalevity.com/images/blog/paris-and-beyond-guide.jpg:0
[    2795ms] [ERROR] Failed to load resource: the server responded with a status of 502 () @ https://piko.dnalevity.com/images/blog/underrated-european-cities.jpg:0
[    2795ms] [ERROR] Failed to load resource: the server responded with a status of 502 () @ https://piko.dnalevity.com/images/blog/where-to-go-with-teens-this-summer.jpg:0
[    2795ms] [ERROR] Failed to load resource: the server responded with a status of 502 () @ https://piko.dnalevity.com/images/blog/cdmx-central-mexico-getaways.jpg:0
[    2835ms] [ERROR] Failed to load resource: the server responded with a status of 502 () @ https://piko.dnalevity.com/images/blog/matcha-in-japan.jpg:0
[    2908ms] [ERROR] WebSocket connection to 'wss://piko.dnalevity.com/preview/relax-and-roam-travel/_next/webpack-hmr?id=6yzvJlhrtL6d1Xz8YQzLn' failed: Error during WebSocket handshake: Invalid status line @ https://piko.dnalevity.com/preview/relax-and-roam-travel/_next/static/chunks/node_modules_next_dist_client_0fhqo1d._.js:13299
[    3939ms] [ERROR] WebSocket connection to 'wss://piko.dnalevity.com/preview/relax-and-roam-travel/_next/webpack-hmr?id=6yzvJlhrtL6d1Xz8YQzLn' failed: Error during WebSocket handshake: Invalid status line @ https://piko.dnalevity.com/preview/relax-and-roam-travel/_next/static/chunks/node_modules_next_dist_client_0fhqo1d._.js:13299
[    4968ms] [ERROR] WebSocket connection to 'wss://piko.dnalevity.com/preview/relax-and-roam-travel/_next/webpack-hmr?id=6yzvJlhrtL6d1Xz8YQzLn' failed: Error during WebSocket handshake: Invalid status line @ https://piko.dnalevity.com/preview/relax-and-roam-travel/_next/static/chunks/node_modules_next_dist_client_0fhqo1d._.js:13299
[    6007ms] [ERROR] WebSocket connection to 'wss://piko.dnalevity.com/preview/relax-and-roam-travel/_next/webpack-hmr?id=6yzvJlhrtL6d1Xz8YQzLn' failed: Error during WebSocket handshake: Invalid status line @ https://piko.dnalevity.com/preview/relax-and-roam-travel/_next/static/chunks/node_modules_next_dist_client_0fhqo1d._.js:13299
[    7039ms] [ERROR] WebSocket connection to 'wss://piko.dnalevity.com/preview/relax-and-roam-travel/_next/webpack-hmr?id=6yzvJlhrtL6d1Xz8YQzLn' failed: Error during WebSocket handshake: Invalid status line @ https://piko.dnalevity.com/preview/relax-and-roam-travel/_next/static/chunks/node_modules_next_dist_client_0fhqo1d._.js:13299
[   12074ms] [ERROR] WebSocket connection to 'wss://piko.dnalevity.com/preview/relax-and-roam-travel/_next/webpack-hmr?id=6yzvJlhrtL6d1Xz8YQzLn' failed: Error during WebSocket handshake: Invalid status line @ https://piko.dnalevity.com/preview/relax-and-roam-travel/_next/static/chunks/node_modules_next_dist_client_0fhqo1d._.js:13299
[   17129ms] [ERROR] WebSocket connection to 'wss://piko.dnalevity.com/preview/relax-and-roam-travel/_next/webpack-hmr?id=6yzvJlhrtL6d1Xz8YQzLn' failed: Error during WebSocket handshake: Invalid status line @ https://piko.dnalevity.com/preview/relax-and-roam-travel/_next/static/chunks/node_modules_next_dist_client_0fhqo1d._.js:13299
[   22195ms] [ERROR] WebSocket connection to 'wss://piko.dnalevity.com/preview/relax-and-roam-travel/_next/webpack-hmr?id=6yzvJlhrtL6d1Xz8YQzLn' failed: Error during WebSocket handshake: Invalid status line @ https://piko.dnalevity.com/preview/relax-and-roam-travel/_next/static/chunks/node_modules_next_dist_client_0fhqo1d._.js:13299
[   27275ms] [ERROR] WebSocket connection to 'wss://piko.dnalevity.com/preview/relax-and-roam-travel/_next/webpack-hmr?id=6yzvJlhrtL6d1Xz8YQzLn' failed: Error during WebSocket handshake: Invalid status line @ https://piko.dnalevity.com/preview/relax-and-roam-travel/_next/static/chunks/node_modules_next_dist_client_0fhqo1d._.js:13299
[   32344ms] [ERROR] WebSocket connection to 'wss://piko.dnalevity.com/preview/relax-and-roam-travel/_next/webpack-hmr?id=6yzvJlhrtL6d1Xz8YQzLn' failed: Error during WebSocket handshake: Invalid status line @ https://piko.dnalevity.com/preview/relax-and-roam-travel/_next/static/chunks/node_modules_next_dist_client_0fhqo1d._.js:13299
[   37525ms] [ERROR] WebSocket connection to 'wss://piko.dnalevity.com/preview/relax-and-roam-travel/_next/webpack-hmr?id=6yzvJlhrtL6d1Xz8YQzLn' failed: Error during WebSocket handshake: Invalid status line @ https://piko.dnalevity.com/preview/relax-and-roam-travel/_next/static/chunks/node_modules_next_dist_client_0fhqo1d._.js:13299
[   42837ms] [ERROR] WebSocket connection to 'wss://piko.dnalevity.com/preview/relax-and-roam-travel/_next/webpack-hmr?id=6yzvJlhrtL6d1Xz8YQzLn' failed: Error during WebSocket handshake: Unexpected response code: 502 @ https://piko.dnalevity.com/preview/relax-and-roam-travel/_next/static/chunks/node_modules_next_dist_client_0fhqo1d._.js:13299
[   43097ms] [ERROR] Failed to load resource: the server responded with a status of 502 () @ https://piko.dnalevity.com/preview/relax-and-roam-travel/blog:0
